C:\Projects\BR\AS\6\Desk\AS6BaseProjectwGitHub\Temp\Includes\AS_TempDecl\SfElements.var
C:\Projects\BR\AS\6\Desk\AS6BaseProjectwGitHub\Temp\Includes\AS_TempDecl\McElements.var
C:\Projects\BR\AS\6\Desk\AS6BaseProjectwGitHub\Temp\Includes\AS_TempDecl\MpComponents.var
C:\Projects\BR\AS\6\Desk\AS6BaseProjectwGitHub\Logical\Global.typ
C:\Projects\BR\AS\6\Desk\AS6BaseProjectwGitHub\Logical\Global.var
C:\Projects\BR\AS\6\Desk\AS6BaseProjectwGitHub\Logical\Libraries\operator\operator.fun
C:\Projects\BR\AS\6\Desk\AS6BaseProjectwGitHub\Logical\Libraries\operator\operator.typ
C:\Projects\BR\AS\6\Desk\AS6BaseProjectwGitHub\Logical\Libraries\operator\operator.var
C:\Projects\BR\AS\6\Desk\AS6BaseProjectwGitHub\Logical\Libraries\runtime\runtime.fun
C:\Projects\BR\AS\6\Desk\AS6BaseProjectwGitHub\Logical\Libraries\runtime\runtime.typ
C:\Projects\BR\AS\6\Desk\AS6BaseProjectwGitHub\Logical\Libraries\runtime\runtime.var
C:\Projects\BR\AS\6\Desk\AS6BaseProjectwGitHub\Logical\Libraries\AsIecCon\AsIecCon.fun
C:\Projects\BR\AS\6\Desk\AS6BaseProjectwGitHub\Logical\Libraries\AsIecCon\AsIecCon.typ
C:\Projects\BR\AS\6\Desk\AS6BaseProjectwGitHub\Logical\Libraries\AsIecCon\AsIecCon.var
C:\Projects\BR\AS\6\Desk\AS6BaseProjectwGitHub\Logical\Libraries\astime\astime.fun
C:\Projects\BR\AS\6\Desk\AS6BaseProjectwGitHub\Logical\Libraries\astime\astime.typ
C:\Projects\BR\AS\6\Desk\AS6BaseProjectwGitHub\Logical\Libraries\astime\astime.var
C:\Projects\BR\AS\6\Desk\AS6BaseProjectwGitHub\Logical\Libraries\AsIOAcc\AsIOAcc.fun
C:\Projects\BR\AS\6\Desk\AS6BaseProjectwGitHub\Logical\Libraries\AsIOAcc\AsIOAcc.typ
C:\Projects\BR\AS\6\Desk\AS6BaseProjectwGitHub\Logical\Libraries\AsIOAcc\AsIOAcc.var
C:\Projects\BR\AS\6\Desk\AS6BaseProjectwGitHub\Logical\Libraries\AsZip\AsZip.fun
C:\Projects\BR\AS\6\Desk\AS6BaseProjectwGitHub\Logical\Libraries\AsZip\AsZip.typ
C:\Projects\BR\AS\6\Desk\AS6BaseProjectwGitHub\Logical\Libraries\AsZip\AsZip.var
C:\Projects\BR\AS\6\Desk\AS6BaseProjectwGitHub\Logical\Libraries\FileIO\FileIO.fun
C:\Projects\BR\AS\6\Desk\AS6BaseProjectwGitHub\Logical\Libraries\FileIO\FileIO.typ
C:\Projects\BR\AS\6\Desk\AS6BaseProjectwGitHub\Logical\Libraries\FileIO\FileIO.var
C:\Projects\BR\AS\6\Desk\AS6BaseProjectwGitHub\Logical\Libraries\sys_lib\sys_lib.fun
C:\Projects\BR\AS\6\Desk\AS6BaseProjectwGitHub\Logical\Libraries\sys_lib\sys_lib.typ
C:\Projects\BR\AS\6\Desk\AS6BaseProjectwGitHub\Logical\Libraries\sys_lib\sys_lib.var
C:\Projects\BR\AS\6\Desk\AS6BaseProjectwGitHub\Logical\Libraries\ArEventLog\ArEventLog.fun
C:\Projects\BR\AS\6\Desk\AS6BaseProjectwGitHub\Logical\Libraries\ArEventLog\ArEventLog.typ
C:\Projects\BR\AS\6\Desk\AS6BaseProjectwGitHub\Logical\Libraries\ArEventLog\ArEventLog.var
C:\Projects\BR\AS\6\Desk\AS6BaseProjectwGitHub\Logical\Libraries\AsBrStr\AsBrStr.fun
C:\Projects\BR\AS\6\Desk\AS6BaseProjectwGitHub\Logical\Libraries\AsBrStr\AsBrStr.typ
C:\Projects\BR\AS\6\Desk\AS6BaseProjectwGitHub\Logical\Libraries\AsBrStr\AsBrStr.var
C:\Projects\BR\AS\6\Desk\AS6BaseProjectwGitHub\Logical\Libraries\AsArSdm\AsArSdm.fun
C:\Projects\BR\AS\6\Desk\AS6BaseProjectwGitHub\Logical\Libraries\AsArSdm\AsArSdm.typ
C:\Projects\BR\AS\6\Desk\AS6BaseProjectwGitHub\Logical\Libraries\AsArSdm\AsArSdm.var
C:\Projects\BR\AS\6\Desk\AS6BaseProjectwGitHub\Logical\Libraries\DataObj\DataObj.fun
C:\Projects\BR\AS\6\Desk\AS6BaseProjectwGitHub\Logical\Libraries\DataObj\DataObj.typ
C:\Projects\BR\AS\6\Desk\AS6BaseProjectwGitHub\Logical\Libraries\DataObj\DataObj.var
C:\Projects\BR\AS\6\Desk\AS6BaseProjectwGitHub\Logical\Libraries\brsystem\brsystem.fun
C:\Projects\BR\AS\6\Desk\AS6BaseProjectwGitHub\Logical\Libraries\brsystem\brsystem.typ
C:\Projects\BR\AS\6\Desk\AS6BaseProjectwGitHub\Logical\Libraries\brsystem\brsystem.var
C:\Projects\BR\AS\6\Desk\AS6BaseProjectwGitHub\Logical\Libraries\AsArProf\AsArProf.fun
C:\Projects\BR\AS\6\Desk\AS6BaseProjectwGitHub\Logical\Libraries\AsArProf\AsArProf.typ
C:\Projects\BR\AS\6\Desk\AS6BaseProjectwGitHub\Logical\Libraries\AsArProf\AsArProf.var
C:\Projects\BR\AS\6\Desk\AS6BaseProjectwGitHub\Logical\Libraries\AsMem\AsMem.fun
C:\Projects\BR\AS\6\Desk\AS6BaseProjectwGitHub\Logical\Libraries\AsMem\AsMem.typ
C:\Projects\BR\AS\6\Desk\AS6BaseProjectwGitHub\Logical\Libraries\AsMem\AsMem.var
C:\Projects\BR\AS\6\Desk\AS6BaseProjectwGitHub\Logical\Libraries\standard\standard.fun
C:\Projects\BR\AS\6\Desk\AS6BaseProjectwGitHub\Logical\Libraries\standard\standard.typ
C:\Projects\BR\AS\6\Desk\AS6BaseProjectwGitHub\Logical\Libraries\standard\standard.var
C:\Projects\BR\AS\6\Desk\AS6BaseProjectwGitHub\Logical\Libraries\AsBrWStr\AsBrWStr.fun
C:\Projects\BR\AS\6\Desk\AS6BaseProjectwGitHub\Logical\Libraries\AsBrWStr\AsBrWStr.typ
C:\Projects\BR\AS\6\Desk\AS6BaseProjectwGitHub\Logical\Libraries\AsBrWStr\AsBrWStr.var
C:\Projects\BR\AS\6\Desk\AS6BaseProjectwGitHub\Logical\Libraries\ArTextSys\ArTextSys.fun
C:\Projects\BR\AS\6\Desk\AS6BaseProjectwGitHub\Logical\Libraries\ArTextSys\ArTextSys.typ
C:\Projects\BR\AS\6\Desk\AS6BaseProjectwGitHub\Logical\Libraries\ArTextSys\ArTextSys.var
C:\Projects\BR\AS\6\Desk\AS6BaseProjectwGitHub\Logical\Libraries\ArCert\ArCert.fun
C:\Projects\BR\AS\6\Desk\AS6BaseProjectwGitHub\Logical\Libraries\ArCert\ArCert.typ
C:\Projects\BR\AS\6\Desk\AS6BaseProjectwGitHub\Logical\Libraries\ArCert\ArCert.var
C:\Projects\BR\AS\6\Desk\AS6BaseProjectwGitHub\Logical\Libraries\ArSsl\ArSsl.fun
C:\Projects\BR\AS\6\Desk\AS6BaseProjectwGitHub\Logical\Libraries\ArSsl\ArSsl.typ
C:\Projects\BR\AS\6\Desk\AS6BaseProjectwGitHub\Logical\Libraries\ArSsl\ArSsl.var
C:\Projects\BR\AS\6\Desk\AS6BaseProjectwGitHub\Logical\Libraries\ArUser\ArUser.fun
C:\Projects\BR\AS\6\Desk\AS6BaseProjectwGitHub\Logical\Libraries\ArUser\ArUser.typ
C:\Projects\BR\AS\6\Desk\AS6BaseProjectwGitHub\Logical\Libraries\ArUser\ArUser.var
C:\Projects\BR\AS\6\Desk\AS6BaseProjectwGitHub\Logical\Libraries\AsETH\AsETH.fun
C:\Projects\BR\AS\6\Desk\AS6BaseProjectwGitHub\Logical\Libraries\AsETH\AsETH.typ
C:\Projects\BR\AS\6\Desk\AS6BaseProjectwGitHub\Logical\Libraries\AsETH\AsETH.var
C:\Projects\BR\AS\6\Desk\AS6BaseProjectwGitHub\Logical\Libraries\AsHW\AsHW.fun
C:\Projects\BR\AS\6\Desk\AS6BaseProjectwGitHub\Logical\Libraries\AsHW\AsHW.typ
C:\Projects\BR\AS\6\Desk\AS6BaseProjectwGitHub\Logical\Libraries\AsHW\AsHW.var
C:\Projects\BR\AS\6\Desk\AS6BaseProjectwGitHub\Logical\Libraries\AsIOMMan\AsIOMMan.fun
C:\Projects\BR\AS\6\Desk\AS6BaseProjectwGitHub\Logical\Libraries\AsIOMMan\AsIOMMan.typ
C:\Projects\BR\AS\6\Desk\AS6BaseProjectwGitHub\Logical\Libraries\AsIOMMan\AsIOMMan.var
C:\Projects\BR\AS\6\Desk\AS6BaseProjectwGitHub\Logical\Libraries\AsUSB\AsUSB.fun
C:\Projects\BR\AS\6\Desk\AS6BaseProjectwGitHub\Logical\Libraries\AsUSB\AsUSB.typ
C:\Projects\BR\AS\6\Desk\AS6BaseProjectwGitHub\Logical\Libraries\AsUSB\AsUSB.var
C:\Projects\BR\AS\6\Desk\AS6BaseProjectwGitHub\Logical\Libraries\CoTrace\CoTrace.fun
C:\Projects\BR\AS\6\Desk\AS6BaseProjectwGitHub\Logical\Libraries\CoTrace\CoTrace.typ
C:\Projects\BR\AS\6\Desk\AS6BaseProjectwGitHub\Logical\Libraries\CoTrace\CoTrace.var
C:\Projects\BR\AS\6\Desk\AS6BaseProjectwGitHub\Logical\Libraries\SfDomain\SfDomain.var
C:\Projects\BR\AS\6\Desk\AS6BaseProjectwGitHub\Logical\Libraries\SfDomain\SfDomain.typ
C:\Projects\BR\AS\6\Desk\AS6BaseProjectwGitHub\Logical\Libraries\SfDomain\SfDomainError.typ
C:\Projects\BR\AS\6\Desk\AS6BaseProjectwGitHub\Logical\Libraries\SfDomain\SfDomain.fun
C:\Projects\BR\AS\6\Desk\AS6BaseProjectwGitHub\Logical\Libraries\MpAlarmX\MpAlarmX.typ
C:\Projects\BR\AS\6\Desk\AS6BaseProjectwGitHub\Logical\Libraries\MpAlarmX\MpAlarmXError.typ
C:\Projects\BR\AS\6\Desk\AS6BaseProjectwGitHub\Logical\Libraries\MpAlarmX\MpAlarmXCfg.typ
C:\Projects\BR\AS\6\Desk\AS6BaseProjectwGitHub\Logical\Libraries\MpAlarmX\MpAlarmX.fun
C:\Projects\BR\AS\6\Desk\AS6BaseProjectwGitHub\Logical\Libraries\MpBase\MpBase.var
C:\Projects\BR\AS\6\Desk\AS6BaseProjectwGitHub\Logical\Libraries\MpBase\MpBase.typ
C:\Projects\BR\AS\6\Desk\AS6BaseProjectwGitHub\Logical\Libraries\MpBase\MpBase.fun
C:\Projects\BR\AS\6\Desk\AS6BaseProjectwGitHub\Logical\Libraries\MpAxis\MpAxis.fun
C:\Projects\BR\AS\6\Desk\AS6BaseProjectwGitHub\Logical\Libraries\MpAxis\MpAxis.typ
C:\Projects\BR\AS\6\Desk\AS6BaseProjectwGitHub\Logical\Libraries\MpAxis\MpAxisCfg.typ
C:\Projects\BR\AS\6\Desk\AS6BaseProjectwGitHub\Logical\Libraries\MpAxis\MpAxisError.typ
C:\Projects\BR\AS\6\Desk\AS6BaseProjectwGitHub\Logical\Libraries\McBase\McBase.typ
C:\Projects\BR\AS\6\Desk\AS6BaseProjectwGitHub\Logical\Libraries\McBase\McBase.fun
C:\Projects\BR\AS\6\Desk\AS6BaseProjectwGitHub\Logical\Libraries\McBase\McBase.var
C:\Projects\BR\AS\6\Desk\AS6BaseProjectwGitHub\Logical\Libraries\McBase\McBaseCfg.typ
C:\Projects\BR\AS\6\Desk\AS6BaseProjectwGitHub\Logical\Libraries\MpSequence\MpSequence.var
C:\Projects\BR\AS\6\Desk\AS6BaseProjectwGitHub\Logical\Libraries\MpSequence\MpSequence.typ
C:\Projects\BR\AS\6\Desk\AS6BaseProjectwGitHub\Logical\Libraries\MpSequence\MpSequenceError.typ
C:\Projects\BR\AS\6\Desk\AS6BaseProjectwGitHub\Logical\Libraries\MpSequence\MpSequenceAlarm.typ
C:\Projects\BR\AS\6\Desk\AS6BaseProjectwGitHub\Logical\Libraries\MpSequence\MpSequence.fun
C:\Projects\BR\AS\6\Desk\AS6BaseProjectwGitHub\Logical\Libraries\MpAudit\MpAudit.typ
C:\Projects\BR\AS\6\Desk\AS6BaseProjectwGitHub\Logical\Libraries\MpAudit\MpAuditError.typ
C:\Projects\BR\AS\6\Desk\AS6BaseProjectwGitHub\Logical\Libraries\MpAudit\MpAuditAlarm.typ
C:\Projects\BR\AS\6\Desk\AS6BaseProjectwGitHub\Logical\Libraries\MpAudit\MpAuditCfg.typ
C:\Projects\BR\AS\6\Desk\AS6BaseProjectwGitHub\Logical\Libraries\MpAudit\MpAudit.fun
C:\Projects\BR\AS\6\Desk\AS6BaseProjectwGitHub\Logical\Libraries\MpRecipe\MpRecipe.typ
C:\Projects\BR\AS\6\Desk\AS6BaseProjectwGitHub\Logical\Libraries\MpRecipe\MpRecipeAlarm.typ
C:\Projects\BR\AS\6\Desk\AS6BaseProjectwGitHub\Logical\Libraries\MpRecipe\MpRecipeError.typ
C:\Projects\BR\AS\6\Desk\AS6BaseProjectwGitHub\Logical\Libraries\MpRecipe\MpRecipe.fun
C:\Projects\BR\AS\6\Desk\AS6BaseProjectwGitHub\Logical\Libraries\MpUserX\MpUserX.typ
C:\Projects\BR\AS\6\Desk\AS6BaseProjectwGitHub\Logical\Libraries\MpUserX\MpUserXError.typ
C:\Projects\BR\AS\6\Desk\AS6BaseProjectwGitHub\Logical\Libraries\MpUserX\MpUserXCfg.typ
C:\Projects\BR\AS\6\Desk\AS6BaseProjectwGitHub\Logical\Libraries\MpUserX\MpUserX.fun
C:\Projects\BR\AS\6\Desk\AS6BaseProjectwGitHub\Logical\Libraries\MpReport\MpReport.typ
C:\Projects\BR\AS\6\Desk\AS6BaseProjectwGitHub\Logical\Libraries\MpReport\MpReportError.typ
C:\Projects\BR\AS\6\Desk\AS6BaseProjectwGitHub\Logical\Libraries\MpReport\MpReportAlarm.typ
C:\Projects\BR\AS\6\Desk\AS6BaseProjectwGitHub\Logical\Libraries\MpReport\MpReport.fun
C:\Projects\BR\AS\6\Desk\AS6BaseProjectwGitHub\Logical\Libraries\MpSkyline\MpSkylineError.typ
C:\Projects\BR\AS\6\Desk\AS6BaseProjectwGitHub\Logical\Libraries\MpSkyline\MpSkylineAlarm.typ
C:\Projects\BR\AS\6\Desk\AS6BaseProjectwGitHub\Logical\Libraries\MpSkyline\MpSkyline.fun
C:\Projects\BR\AS\6\Desk\AS6BaseProjectwGitHub\Logical\Libraries\MpFile\MpFile.typ
C:\Projects\BR\AS\6\Desk\AS6BaseProjectwGitHub\Logical\Libraries\MpFile\MpFileError.typ
C:\Projects\BR\AS\6\Desk\AS6BaseProjectwGitHub\Logical\Libraries\MpFile\MpFile.fun
C:\Projects\BR\AS\6\Desk\AS6BaseProjectwGitHub\Logical\Libraries\MpPackML\MpPackML.typ
C:\Projects\BR\AS\6\Desk\AS6BaseProjectwGitHub\Logical\Libraries\MpPackML\MpPackMLError.typ
C:\Projects\BR\AS\6\Desk\AS6BaseProjectwGitHub\Logical\Libraries\MpPackML\MpPackMLAlarm.typ
C:\Projects\BR\AS\6\Desk\AS6BaseProjectwGitHub\Logical\Libraries\MpPackML\MpPackML.fun
C:\Projects\BR\AS\6\Desk\AS6BaseProjectwGitHub\Logical\Libraries\MpCodeBox\MpCodeBox.var
C:\Projects\BR\AS\6\Desk\AS6BaseProjectwGitHub\Logical\Libraries\MpCodeBox\MpCodeBox.typ
C:\Projects\BR\AS\6\Desk\AS6BaseProjectwGitHub\Logical\Libraries\MpCodeBox\MpCodeBoxError.typ
C:\Projects\BR\AS\6\Desk\AS6BaseProjectwGitHub\Logical\Libraries\MpCodeBox\MpCodeBoxAlarm.typ
C:\Projects\BR\AS\6\Desk\AS6BaseProjectwGitHub\Logical\Libraries\MpCodeBox\MpCodeBox.fun
C:\Projects\BR\AS\6\Desk\AS6BaseProjectwGitHub\Logical\Libraries\MpCom\MpCom.var
C:\Projects\BR\AS\6\Desk\AS6BaseProjectwGitHub\Logical\Libraries\MpCom\MpCom.typ
C:\Projects\BR\AS\6\Desk\AS6BaseProjectwGitHub\Logical\Libraries\MpCom\MpComError.typ
C:\Projects\BR\AS\6\Desk\AS6BaseProjectwGitHub\Logical\Libraries\MpCom\MpCom.fun
C:\Projects\BR\AS\6\Desk\AS6BaseProjectwGitHub\Logical\Libraries\MpIO\MpIOError.typ
C:\Projects\BR\AS\6\Desk\AS6BaseProjectwGitHub\Logical\Libraries\MpIO\MpIOAlarm.typ
C:\Projects\BR\AS\6\Desk\AS6BaseProjectwGitHub\Logical\Libraries\MpIO\MpIO.typ
C:\Projects\BR\AS\6\Desk\AS6BaseProjectwGitHub\Logical\Libraries\MpIO\MpIO.fun
C:\Projects\BR\AS\6\Desk\AS6BaseProjectwGitHub\Logical\Libraries\McAxis\McAxis.typ
C:\Projects\BR\AS\6\Desk\AS6BaseProjectwGitHub\Logical\Libraries\McAxis\McAxis.fun
C:\Projects\BR\AS\6\Desk\AS6BaseProjectwGitHub\Logical\Libraries\McAxis\McAxis.var
C:\Projects\BR\AS\6\Desk\AS6BaseProjectwGitHub\Logical\Libraries\McAxis\McAxisCfg.typ
C:\Projects\BR\AS\6\Desk\AS6BaseProjectwGitHub\Logical\Libraries\McAcpAx\McAcpAx.typ
C:\Projects\BR\AS\6\Desk\AS6BaseProjectwGitHub\Logical\Libraries\McAcpAx\McAcpAx.fun
C:\Projects\BR\AS\6\Desk\AS6BaseProjectwGitHub\Logical\Libraries\McAcpAx\McAcpAx.var
C:\Projects\BR\AS\6\Desk\AS6BaseProjectwGitHub\Logical\Libraries\McAcpAx\McAcpAxCfg.typ
C:\Projects\BR\AS\6\Desk\AS6BaseProjectwGitHub\Logical\Libraries\MpServer\Constants.var
C:\Projects\BR\AS\6\Desk\AS6BaseProjectwGitHub\Logical\Libraries\MpServer\Types.typ
C:\Projects\BR\AS\6\Desk\AS6BaseProjectwGitHub\Logical\Libraries\MpServer\MpServer.fun
